[Licensing::Module] Trying to connect to existing licensing client channel...
Built from '6000.2/staging' branch; Version is '6000.2.13f1 (abdb44fca7f7) revision 11262788'; Using compiler version '194234433'; Build Type 'Release'
OS: 'Windows 11  (10.0.26200) 64bit Professional' Language: 'ro' Physical Memory: 16087 MB
[Licensing::IpcConnector] Successfully connected to: "LicenseClient-Adriana" at "2025-12-08T21:21:30.1139428Z"
BatchMode: 1, IsHumanControllingUs: 0, StartBugReporterOnCrash: 0, Is64bit: 1
Date: 2025-12-08T21:21:30Z

COMMAND LINE ARGUMENTS:
C:\Program Files\Unity\Hub\Editor\6000.2.13f1\Editor\Unity.exe
-adb2
-batchMode
-noUpm
-name
AssetImportWorker5
-projectPath
C:/Users/Adriana/MotoRace
-logFile
Logs/AssetImportWorker5.log
-srvPort
49630
-licensingIpc
LicenseClient-Adriana
-job-worker-count
7
-background-job-worker-count
8
-gc-helper-count
1
-name
AssetImport
Successfully changed project path to: C:/Users/Adriana/MotoRace
C:/Users/Adriana/MotoRace
[UnityMemory] Configuration Parameters - Can be set up in boot.config
    "memorysetup-allocator-temp-initial-block-size-main=262144"
    "memorysetup-allocator-temp-initial-block-size-worker=262144"
    "memorysetup-bucket-allocator-granularity=16"
    "memorysetup-bucket-allocator-bucket-count=8"
    "memorysetup-bucket-allocator-block-size=33554432"
    "memorysetup-bucket-allocator-block-count=8"
    "memorysetup-main-allocator-block-size=16777216"
    "memorysetup-thread-allocator-block-size=16777216"
    "memorysetup-gfx-main-allocator-block-size=16777216"
    "memorysetup-gfx-thread-allocator-block-size=16777216"
    "memorysetup-cache-allocator-block-size=4194304"
    "memorysetup-typetree-allocator-block-size=2097152"
    "memorysetup-profiler-bucket-allocator-granularity=16"
    "memorysetup-profiler-bucket-allocator-bucket-count=8"
    "memorysetup-profiler-bucket-allocator-block-size=33554432"
    "memorysetup-profiler-bucket-allocator-block-count=8"
    "memorysetup-profiler-allocator-block-size=16777216"
    "memorysetup-profiler-editor-allocator-block-size=1048576"
    "memorysetup-temp-allocator-size-main=16777216"
    "memorysetup-job-temp-allocator-block-size=2097152"
    "memorysetup-job-temp-allocator-block-size-background=1048576"
    "memorysetup-job-temp-allocator-reduction-small-platforms=262144"
    "memorysetup-temp-allocator-size-background-worker=32768"
    "memorysetup-temp-allocator-size-job-worker=262144"
    "memorysetup-temp-allocator-size-preload-manager=33554432"
    "memorysetup-temp-allocator-size-nav-mesh-worker=65536"
    "memorysetup-temp-allocator-size-audio-worker=65536"
    "memorysetup-temp-allocator-size-cloud-worker=32768"
    "memorysetup-temp-allocator-size-gi-baking-worker=262144"
    "memorysetup-temp-allocator-size-gi-baking-worker=262144"
    "memorysetup-temp-allocator-size-gi-baking-worker=262144"
    "memorysetup-temp-allocator-size-gi-baking-worker=262144"
    "memorysetup-temp-allocator-size-gi-baking-worker=262144"
    "memorysetup-temp-allocator-size-gfx=262144"
Player connection [65052]  Target information:

Player connection [65052]  * "[IP] 192.168.56.1 [Port] 0 [Flags] 2 [Guid] 3176137187 [EditorId] 3176137187 [Version] 1048832 [Id] WindowsEditor(7,DESKTOP-2IJ2LRL) [Debug] 1 [PackageName] WindowsEditor [ProjectName] Editor" 

Player connection [65052]  * "[IP] 172.17.113.227 [Port] 0 [Flags] 2 [Guid] 3176137187 [EditorId] 3176137187 [Version] 1048832 [Id] WindowsEditor(7,DESKTOP-2IJ2LRL) [Debug] 1 [PackageName] WindowsEditor [ProjectName] Editor" 

Player connection [65052] Host joined multi-casting on [225.0.0.222:54997]...
Player connection [65052] Host joined alternative multi-casting on [225.0.0.222:34997]...
JobSystem: Creating JobQueue using job-worker-count value 7
Input System module state changed to: Initialized.
[Physics::Module] Initialized fallback backend.
[Physics::Module] Id: 0xdecafbad
Library Redirect Path: Library/
[Physics::Module] Selected backend.
[Physics::Module] Name: PhysX
[Physics::Module] Id: 0xf2b8ea05
[Physics::Module] SDK Version: 4.1.2
[Physics::Module] Integration Version: 1.0.0
[Physics::Module] Threading Mode: Multi-Threaded
[Licensing::Client] Error: HandshakeResponse reported an error:
	ResponseCode: 505
	ResponseStatus: Unsupported protocol version '1.17.4'.
[Licensing::Module] Error: Failed to handshake to channel: "LicenseClient-Adriana"
[Licensing::IpcConnector] LicenseClient-Adriana channel disconnected successfully.
[Licensing::IpcConnector] Successfully connected to: "LicenseClient-Adriana-6000.2.13" at "2025-12-08T21:21:31.6749639Z"
Refreshing native plugins compatible for Editor in 1394.78 ms, found 9 plugins.
Preloading 0 native plugins for Editor in 0.00 ms.
Initialize engine version: 6000.2.13f1 (abdb44fca7f7)
[Subsystems] Discovering subsystems at path C:/Program Files/Unity/Hub/Editor/6000.2.13f1/Editor/Data/Resources/UnitySubsystems
[Subsystems] Discovering subsystems at path C:/Users/Adriana/MotoRace/Assets
GfxDevice: creating device client; kGfxThreadingModeNonThreaded
Direct3D:
    Version:  Direct3D 11.0 [level 11.1]
    Renderer: NVIDIA GeForce RTX 4050 Laptop GPU (ID=0x28a1)
    Vendor:   NVIDIA
    VRAM:     5921 MB
    Driver:   32.0.15.8180
Initialize mono
Mono path[0] = 'C:/Program Files/Unity/Hub/Editor/6000.2.13f1/Editor/Data/Managed'
Mono path[1] = 'C:/Program Files/Unity/Hub/Editor/6000.2.13f1/Editor/Data/MonoBleedingEdge/lib/mono/unityjit-win32'
Mono config path = 'C:/Program Files/Unity/Hub/Editor/6000.2.13f1/Editor/Data/MonoBleedingEdge/etc'
Using monoOptions --debugger-agent=transport=dt_socket,embedding=1,server=y,suspend=n,address=127.0.0.1:56932
[Licensing::Client] Handshaking with LicensingClient:
  Version:                 1.17.4+4293ba1
  Session Id:              9bd6a8c0c85148c58f892bd69a95e9fb
  Correlation Id:          6da42f477ab7b187321330114f77d0db
  External correlation Id: 8516873609950452042
  Machine Id:              Nn+Q6OZ7DqwZ5OdXX1Tctp1pyMY=
[Licensing::Module] Successfully connected to LicensingClient on channel: "LicenseClient-Adriana-6000.2.13" (connect: 0.00s, validation: 0.00s, handshake: 1.79s)
[Licensing::IpcConnector] Successfully connected to: "LicenseClient-Adriana-6000.2.13-notifications" at "2025-12-08T21:21:33.4755574Z"
[Licensing::Module] Licensing Background thread has ended after 3.36s
Begin MonoManager ReloadAssembly
Registering precompiled unity dll's ...
Register platform support module: C:/Program Files/Unity/Hub/Editor/6000.2.13f1/Editor/Data/PlaybackEngines/WebGLSupport/UnityEditor.WebGL.Extensions.dll
Register platform support module: C:/Program Files/Unity/Hub/Editor/6000.2.13f1/Editor/Data/PlaybackEngines/WindowsStandaloneSupport/UnityEditor.WindowsStandalone.Extensions.dll
[Licensing::Client] Successfully resolved entitlement details
[Licensing::Module] License group:
  Id: 7972505243881-UnityPersXXXX
  Product: Unity Personal
  Type: Assigned
  Expiration: Unlimited
Register platform support module: C:/Program Files/Unity/Hub/Editor/6000.2.13f1/Editor/Data/PlaybackEngines/AndroidPlayer/UnityEditor.Android.Extensions.dll
Registered in 0.007634 seconds.
- Loaded All Assemblies, in  2.545 seconds
Native extension for Android target not found
Android Extension - Scanning For ADB Devices 633 ms
Native extension for WindowsStandalone target not found
Native extension for WebGL target not found
Mono: successfully reloaded assembly
- Finished resetting the current domain, in  1.164 seconds
Domain Reload Profiling: 3707ms
	BeginReloadAssembly (189ms)
		ExecutionOrderSort (0ms)
		DisableScriptedObjects (0ms)
		BackupInstance (0ms)
		ReleaseScriptingObjects (0ms)
		CreateAndSetChildDomain (1ms)
	RebuildCommonClasses (602ms)
	RebuildNativeTypeToScriptingClass (13ms)
	initialDomainReloadingComplete (60ms)
	LoadAllAssembliesAndSetupDomain (1679ms)
		LoadAssemblies (187ms)
		RebuildTransferFunctionScriptingTraits (0ms)
		AnalyzeDomain (1675ms)
			TypeCache.Refresh (1673ms)
				TypeCache.ScanAssembly (1656ms)
			BuildScriptInfoCaches (0ms)
			ResolveRequiredComponents (1ms)
	FinalizeReload (1164ms)
		ReleaseScriptCaches (0ms)
		RebuildScriptCaches (0ms)
		SetupLoadedEditorAssemblies (1112ms)
			LogAssemblyErrors (0ms)
			InitializePlatformSupportModulesInManaged (792ms)
			SetLoadedEditorAssemblies (5ms)
			BeforeProcessingInitializeOnLoad (76ms)
			ProcessInitializeOnLoadAttributes (141ms)
			ProcessInitializeOnLoadMethodAttributes (98ms)
			AfterProcessingInitializeOnLoad (0ms)
			EditorAssembliesLoaded (0ms)
		ExecutionOrderSort2 (0ms)
		AwakeInstancesAfterBackupRestoration (0ms)
========================================================================
Worker process is ready to serve import requests
Import Worker Mode flag is 0x00
Begin MonoManager ReloadAssembly
[Licensing::Client] Successfully resolved entitlement details
- Loaded All Assemblies, in  0.994 seconds
Refreshing native plugins compatible for Editor in 10.54 ms, found 9 plugins.
Native extension for Android target not found
Native extension for WindowsStandalone target not found
Native extension for WebGL target not found
Package Manager log level set to [2]
[Package Manager] Failed to launch server process. Reason: Unity was launched with the -noUpm command-line argument
[Package Manager] Unable to send message (not connected to server process).
[Package Manager] Cannot connect to Unity Package Manager local server
Mono: successfully reloaded assembly
[Package Manager] Failed to launch server process. Reason: Unity was launched with the -noUpm command-line argument
[Package Manager] Unable to send message (not connected to server process).
[Package Manager] Cannot connect to Unity Package Manager local server
[Package Manager] Failed to launch server process. Reason: Unity was launched with the -noUpm command-line argument
[Package Manager] Unable to send message (not connected to server process).
[Package Manager] Cannot connect to Unity Package Manager local server
- Finished resetting the current domain, in  1.143 seconds
Domain Reload Profiling: 2133ms
	BeginReloadAssembly (200ms)
		ExecutionOrderSort (0ms)
		DisableScriptedObjects (6ms)
		BackupInstance (0ms)
		ReleaseScriptingObjects (0ms)
		CreateAndSetChildDomain (30ms)
	RebuildCommonClasses (45ms)
	RebuildNativeTypeToScriptingClass (15ms)
	initialDomainReloadingComplete (40ms)
	LoadAllAssembliesAndSetupDomain (690ms)
		LoadAssemblies (456ms)
		RebuildTransferFunctionScriptingTraits (0ms)
		AnalyzeDomain (346ms)
			TypeCache.Refresh (253ms)
				TypeCache.ScanAssembly (233ms)
			BuildScriptInfoCaches (72ms)
			ResolveRequiredComponents (18ms)
	FinalizeReload (1144ms)
		ReleaseScriptCaches (0ms)
		RebuildScriptCaches (0ms)
		SetupLoadedEditorAssemblies (803ms)
			LogAssemblyErrors (0ms)
			InitializePlatformSupportModulesInManaged (12ms)
			SetLoadedEditorAssemblies (8ms)
			BeforeProcessingInitializeOnLoad (174ms)
			ProcessInitializeOnLoadAttributes (463ms)
			ProcessInitializeOnLoadMethodAttributes (139ms)
			AfterProcessingInitializeOnLoad (6ms)
			EditorAssembliesLoaded (0ms)
		ExecutionOrderSort2 (0ms)
		AwakeInstancesAfterBackupRestoration (7ms)
Launched and connected shader compiler UnityShaderCompiler.exe after 0.11 seconds
Refreshing native plugins compatible for Editor in 14.40 ms, found 9 plugins.
Preloading 0 native plugins for Editor in 0.00 ms.
Unloading 13 Unused Serialized files (Serialized files now loaded: 0)
Unloading 7258 unused Assets / (4.6 MB). Loaded Objects now: 7974.
Memory consumption went from 140.1 MB to 135.5 MB.
Total: 18.954300 ms (FindLiveObjects: 0.960600 ms CreateObjectMapping: 0.630300 ms MarkObjects: 12.713700 ms  DeleteObjects: 4.646100 ms)

========================================================================
Received Import Request.
  Time since last request: 1078236.496617 seconds.
  path: Assets/TDG Kiddy Rides/Models/Curb.fbx
  artifactKey: Guid(02258fdc75ae2324a881617d74a0a807) Importer(815301076,1909f56bfc062723c751e8b465ee728b)
Start importing Assets/TDG Kiddy Rides/Models/Curb.fbx using Guid(02258fdc75ae2324a881617d74a0a807) Importer(815301076,1909f56bfc062723c751e8b465ee728b) (PreviewImporter) -> (artifact id: 'f6afde52566ecfee29a41214a5b1fc90') in 1.1690878 seconds
Number of updated asset objects reloaded before import = 0Number of asset objects unloaded after import = 8

========================================================================
Received Import Request.
  Time since last request: 0.000054 seconds.
  path: Assets/TDG Kiddy Rides/Models/F1Car.fbx
  artifactKey: Guid(aad7394c37385034f89fccabf137b1b7) Importer(815301076,1909f56bfc062723c751e8b465ee728b)
Start importing Assets/TDG Kiddy Rides/Models/F1Car.fbx using Guid(aad7394c37385034f89fccabf137b1b7) Importer(815301076,1909f56bfc062723c751e8b465ee728b) (PreviewImporter) -> (artifact id: 'd6664fc1e8e4c6063dfcf5639da9c728') in 2.4643979 seconds
Number of updated asset objects reloaded before import = 0Number of asset objects unloaded after import = 49

========================================================================
Received Import Request.
  Time since last request: 670.888322 seconds.
  path: Assets/TDG Kiddy Rides/Materials/Black Leather.mat
  artifactKey: Guid(305a0c072d449cc40b9d67599a9bbd7c) Importer(815301076,1909f56bfc062723c751e8b465ee728b)
Start importing Assets/TDG Kiddy Rides/Materials/Black Leather.mat using Guid(305a0c072d449cc40b9d67599a9bbd7c) Importer(815301076,1909f56bfc062723c751e8b465ee728b) (PreviewImporter) -> (artifact id: '534a3d79969892a25757c7e5e7dffcde') in 0.0357256 seconds
Number of updated asset objects reloaded before import = 0Number of asset objects unloaded after import = 1

========================================================================
Received Import Request.
  Time since last request: 0.000036 seconds.
  path: Assets/TDG Kiddy Rides/Materials/Green.mat
  artifactKey: Guid(b69ccad8e76a3624d9139fc3184f2936) Importer(815301076,1909f56bfc062723c751e8b465ee728b)
Start importing Assets/TDG Kiddy Rides/Materials/Green.mat using Guid(b69ccad8e76a3624d9139fc3184f2936) Importer(815301076,1909f56bfc062723c751e8b465ee728b) (PreviewImporter) -> (artifact id: '325df665804448d621fcc19dc52f090a') in 0.0118256 seconds
Number of updated asset objects reloaded before import = 0Number of asset objects unloaded after import = 1

========================================================================
Received Import Request.
  Time since last request: 0.000029 seconds.
  path: Assets/TDG Kiddy Rides/Materials/Wall.mat
  artifactKey: Guid(b66007126e4ceea459f9644daccbada4) Importer(815301076,1909f56bfc062723c751e8b465ee728b)
Start importing Assets/TDG Kiddy Rides/Materials/Wall.mat using Guid(b66007126e4ceea459f9644daccbada4) Importer(815301076,1909f56bfc062723c751e8b465ee728b) (PreviewImporter) -> (artifact id: '758e5644d08c98e9f2523ed02d269005') in 0.0242806 seconds
Number of updated asset objects reloaded before import = 0Number of asset objects unloaded after import = 4

========================================================================
Received Import Request.
  Time since last request: 0.000033 seconds.
  path: Assets/TDG Kiddy Rides/Materials/Metal.mat
  artifactKey: Guid(c64d35bc961ed624ca893f97cc26094e) Importer(815301076,1909f56bfc062723c751e8b465ee728b)
Start importing Assets/TDG Kiddy Rides/Materials/Metal.mat using Guid(c64d35bc961ed624ca893f97cc26094e) Importer(815301076,1909f56bfc062723c751e8b465ee728b) (PreviewImporter) -> (artifact id: '6b6e6c2d357c1f2dd162852d6386910c') in 0.0115362 seconds
Number of updated asset objects reloaded before import = 0Number of asset objects unloaded after import = 1

========================================================================
Received Import Request.
  Time since last request: 0.000026 seconds.
  path: Assets/TDG Kiddy Rides/Materials/White Light.mat
  artifactKey: Guid(edb1061a673ad1643ae1afbfff564b5f) Importer(815301076,1909f56bfc062723c751e8b465ee728b)
Start importing Assets/TDG Kiddy Rides/Materials/White Light.mat using Guid(edb1061a673ad1643ae1afbfff564b5f) Importer(815301076,1909f56bfc062723c751e8b465ee728b) (PreviewImporter) -> (artifact id: 'de9ec636d2bee62b4ba21f255fd39c55') in 0.01019 seconds
Number of updated asset objects reloaded before import = 0Number of asset objects unloaded after import = 1

========================================================================
Received Import Request.
  Time since last request: 0.000024 seconds.
  path: Assets/TDG Kiddy Rides/Materials/Red Light On.mat
  artifactKey: Guid(8b9ac73422d9112499e0211d6f4b3684) Importer(815301076,1909f56bfc062723c751e8b465ee728b)
Start importing Assets/TDG Kiddy Rides/Materials/Red Light On.mat using Guid(8b9ac73422d9112499e0211d6f4b3684) Importer(815301076,1909f56bfc062723c751e8b465ee728b) (PreviewImporter) -> (artifact id: 'ae60dc8eeb901d578480d864c7ccd316') in 0.0094477 seconds
Number of updated asset objects reloaded before import = 0Number of asset objects unloaded after import = 1

========================================================================
Received Import Request.
  Time since last request: 0.000025 seconds.
  path: Assets/TDG Kiddy Rides/Materials/KiddyRides 2.mat
  artifactKey: Guid(1ab116122cd72f74db2cd8d48c790f69) Importer(815301076,1909f56bfc062723c751e8b465ee728b)
Start importing Assets/TDG Kiddy Rides/Materials/KiddyRides 2.mat using Guid(1ab116122cd72f74db2cd8d48c790f69) Importer(815301076,1909f56bfc062723c751e8b465ee728b) (PreviewImporter) -> (artifact id: '6540ca569c082f7227003ec2ab8d3eaa') in 0.0122731 seconds
Number of updated asset objects reloaded before import = 0Number of asset objects unloaded after import = 2

========================================================================
Received Import Request.
  Time since last request: 0.000037 seconds.
  path: Assets/TDG Kiddy Rides/Materials/Tan.mat
  artifactKey: Guid(775c4d595a3988846a9b1c7c6276cf8b) Importer(815301076,1909f56bfc062723c751e8b465ee728b)
Start importing Assets/TDG Kiddy Rides/Materials/Tan.mat using Guid(775c4d595a3988846a9b1c7c6276cf8b) Importer(815301076,1909f56bfc062723c751e8b465ee728b) (PreviewImporter) -> (artifact id: 'cca0185222a804303774c5730293aa6c') in 0.0086929 seconds
Number of updated asset objects reloaded before import = 0Number of asset objects unloaded after import = 1

========================================================================
Received Import Request.
  Time since last request: 0.000024 seconds.
  path: Assets/TDG Kiddy Rides/Materials/KiddyRides 1.mat
  artifactKey: Guid(5107a0bb1b2138346a05c46961cdf810) Importer(815301076,1909f56bfc062723c751e8b465ee728b)
Start importing Assets/TDG Kiddy Rides/Materials/KiddyRides 1.mat using Guid(5107a0bb1b2138346a05c46961cdf810) Importer(815301076,1909f56bfc062723c751e8b465ee728b) (PreviewImporter) -> (artifact id: '64ca2d7fe8020846f199a7812d2c98ec') in 0.0114878 seconds
Number of updated asset objects reloaded before import = 0Number of asset objects unloaded after import = 2

========================================================================
Received Import Request.
  Time since last request: 0.000089 seconds.
  path: Assets/TDG Kiddy Rides/Materials/Yellow.mat
  artifactKey: Guid(54881373ae56aaa40a859221c496b173) Importer(815301076,1909f56bfc062723c751e8b465ee728b)
Start importing Assets/TDG Kiddy Rides/Materials/Yellow.mat using Guid(54881373ae56aaa40a859221c496b173) Importer(815301076,1909f56bfc062723c751e8b465ee728b) (PreviewImporter) -> (artifact id: '096d41fc080d427b4987fa64e318014a') in 0.0087156 seconds
Number of updated asset objects reloaded before import = 0Number of asset objects unloaded after import = 1

========================================================================
Received Import Request.
  Time since last request: 0.000025 seconds.
  path: Assets/TDG Kiddy Rides/Materials/Red.mat
  artifactKey: Guid(c1fcf8640ea3eb34f87ec3ad9c12ce4e) Importer(815301076,1909f56bfc062723c751e8b465ee728b)
Start importing Assets/TDG Kiddy Rides/Materials/Red.mat using Guid(c1fcf8640ea3eb34f87ec3ad9c12ce4e) Importer(815301076,1909f56bfc062723c751e8b465ee728b) (PreviewImporter) -> (artifact id: 'f4f4ebf28754d458ad04c6ae9aafa79f') in 0.010498 seconds
Number of updated asset objects reloaded before import = 0Number of asset objects unloaded after import = 1

========================================================================
Received Import Request.
  Time since last request: 0.000030 seconds.
  path: Assets/TDG Kiddy Rides/Materials/Roof.mat
  artifactKey: Guid(3f66828745ac52d44a720efefdae8ae8) Importer(815301076,1909f56bfc062723c751e8b465ee728b)
Start importing Assets/TDG Kiddy Rides/Materials/Roof.mat using Guid(3f66828745ac52d44a720efefdae8ae8) Importer(815301076,1909f56bfc062723c751e8b465ee728b) (PreviewImporter) -> (artifact id: '10ca0124f3395618ce777648b6e19ba4') in 0.0116148 seconds
Number of updated asset objects reloaded before import = 0Number of asset objects unloaded after import = 1

========================================================================
Received Import Request.
  Time since last request: 0.000045 seconds.
  path: Assets/TDG Kiddy Rides/Materials/White.mat
  artifactKey: Guid(db9026c69e365b94498527c1e8ace5b2) Importer(815301076,1909f56bfc062723c751e8b465ee728b)
Start importing Assets/TDG Kiddy Rides/Materials/White.mat using Guid(db9026c69e365b94498527c1e8ace5b2) Importer(815301076,1909f56bfc062723c751e8b465ee728b) (PreviewImporter) -> (artifact id: 'd62995dd2d77af3a5d520f8dc0792524') in 0.0092538 seconds
Number of updated asset objects reloaded before import = 0Number of asset objects unloaded after import = 1

Editor requested this worker to shutdown with reason: Scaling down because of idle timeout
AssetImportWorker is now disconnected from the server
Process exiting
Exiting without the bug reporter. Application will terminate with return code 0